# Nova PR Manifest

- **PR Title:** feat: Add Ground Fog (CloudSystem Altitude Adjustment)
- **The Problem Solved:** The environment originally had high-altitude clouds floating far above the play grid, creating a visual discrepancy from `GOAL.png` which features low-hanging ground fog. By modifying the `CloudSystem` Y-axis spawn logic, the clouds now hover at ground level, matching the target aesthetic perfectly.
- **Visuals:**
  - [GOAL.png](./GOAL.png)
  - [verification_main_fog.png](./verification_main_fog.png) (Resulting Implementation)
- **Implementation Journey:**
  - Initialized as Nova and mapped the Vanilla JS/Three.js architecture.
  - Replicated `GOAL.png` state in an isolated test environment (`main_test.js`) and experimented with Cloud altitude to simulate ground fog.
  - Drafted Architectural Paths and selected the 'Standard' Approach (adjusting the existing `CloudSystem` logic).
  - Modified `main.js` line 706 to change `y = 8 + Math.random() * 5` to `y = 0.5 + Math.random() * 1.5`.
  - Executed a headless Playwright script against the updated `index.html` to generate `verification_main_fog.png`.
  - Visually confirmed via `read_image_file` that the updated cloud positioning acts as fog and matches `GOAL.png`.
- **Tradeoffs & Assumptions:**
  - *Interpretations:* I interpreted the "fog" in `GOAL.png` as simply lowered versions of the existing `CloudSystem` rather than an entirely new particle or shader system (e.g. `THREE.Fog`).
  - *Paths Brainstormed:* Standard (modify `y` in `CloudSystem`), Minimalist (hardcode `y = 0.5`), and Lateral (replace `CloudSystem` with `THREE.FogExp2`).
  - *Chosen Route:* Standard Approach was chosen because it achieves the exact target visual, requires exactly 1 line of code change, perfectly adheres to the 'Simplicity First' and 'Surgical Changes' guardrails, and requires zero new dependencies or abstraction.
- **Testing Instructions:**
  1. Open `index.html` in any modern browser.
  2. Observe the white, low-poly clouds slowly drifting across the screen.
  3. Verify that the clouds hover near the grid level (ground fog) rather than floating high above the scene.
- **Action Item:** `git push -u origin feature/nova-ground-fog && gh pr create --title "feat: Add Ground Fog" --body-file pr_manifest.log`
